
PROGRAM "F:\t_jurena\zaverecny\bin\Project.abs"

*********************************************************************************************
TARGET SECTION
---------------------------------------------------------------------------------------------
Processor   : Freescale HC08
Memory Model: SMALL
File Format : ELF\DWARF 2.0
Linker      : SmartLinker V-5.0.37 Build 9279, Oct  7 2009

*********************************************************************************************
FILE SECTION
---------------------------------------------------------------------------------------------
gpio.c.o                                Model: SMALL,         Lang: ANSI-C
keyboard.asm.o                          Model: SMALL,         Lang: Assembler
display.asm.o                           Model: SMALL,         Lang: Assembler
main.c.o                                Model: SMALL,         Lang: ANSI-C
main.asm.o                              Model: SMALL,         Lang: Assembler
RTSHC08.C.o (ansifs.lib)                Model: SMALL,         Lang: ANSI-C
MC9S08GB60A.C.o                         Model: SMALL,         Lang: ANSI-C
Start08.c.o                             Model: SMALL,         Lang: ANSI-C
C:\Documents and Settings\dolinay\Dokumenty\Mikropocitace\Freescale\rtmon_hc08\rtmon_lib\rtmon_lib_Data\Standard\ObjectCode\rtmon_08c.c.o (rtmon_5ms.lib)Model: SMALL,         Lang: ANSI-C
C:\Documents and Settings\dolinay\Dokumenty\Mikropocitace\Freescale\rtmon_hc08\rtmon_lib\rtmon_lib_Data\Standard\ObjectCode\rtmon_asm.asm.o (rtmon_5ms.lib)Model: SMALL,         Lang: Assembler

*********************************************************************************************
STARTUP SECTION
---------------------------------------------------------------------------------------------
Entry point: 0x18A7 (_Startup)
_startupData is allocated at 0x18B0 and uses 6 Bytes
extern struct _tagStartup {
  unsigned nofZeroOut     2
  _Range   pZeroOut       0x80     13
                          0x180     1308
  _Copy    *toCopyDownBeg 0x24A5
} _startupData;

*********************************************************************************************
SECTION-ALLOCATION SECTION
Section Name                    Size  Type     From       To       Segment
---------------------------------------------------------------------------------------------
.stack                           128   R/W      0x100      0x17F   RAM
.init                            132     R     0x182C     0x18AF   ROM
.startData                        18     R     0x18B0     0x18C1   ROM
.rodata1                          36     R     0x18C2     0x18E5   ROM
.text                           2179     R     0x18E6     0x2168   ROM
.copy                              2     R     0x24A5     0x24A6   ROM
MY_ZEROPAGE                       13   R/W       0x80       0x8C   Z_RAM
keyboard.asm__ORG00001             2     R     0xFFD2     0xFFD3   .absSeg0
display.asm__ORG00001              2     R     0xFFE2     0xFFE3   .absSeg1
.abs_section_0                     1   N/I        0x0        0x0   .absSeg111
.abs_section_1                     1   N/I        0x1        0x1   .absSeg112
.abs_section_2                     1   N/I        0x2        0x2   .absSeg113
.abs_section_3                     1   N/I        0x3        0x3   .absSeg114
.abs_section_4                     1   N/I        0x4        0x4   .absSeg115
.abs_section_5                     1   N/I        0x5        0x5   .absSeg116
.abs_section_6                     1   N/I        0x6        0x6   .absSeg117
.abs_section_7                     1   N/I        0x7        0x7   .absSeg118
.abs_section_8                     1   N/I        0x8        0x8   .absSeg119
.abs_section_9                     1   N/I        0x9        0x9   .absSeg120
.abs_section_a                     1   N/I        0xA        0xA   .absSeg121
.abs_section_b                     1   N/I        0xB        0xB   .absSeg122
.abs_section_c                     1   N/I        0xC        0xC   .absSeg123
.abs_section_d                     1   N/I        0xD        0xD   .absSeg124
.abs_section_e                     1   N/I        0xE        0xE   .absSeg125
.abs_section_f                     1   N/I        0xF        0xF   .absSeg126
.abs_section_10                    1   N/I       0x10       0x10   .absSeg127
.abs_section_11                    1   N/I       0x11       0x11   .absSeg128
.abs_section_12                    1   N/I       0x12       0x12   .absSeg129
.abs_section_13                    1   N/I       0x13       0x13   .absSeg130
.abs_section_14                    1   N/I       0x14       0x14   .absSeg131
.abs_section_16                    1   N/I       0x16       0x16   .absSeg132
.abs_section_17                    1   N/I       0x17       0x17   .absSeg133
.abs_section_1a                    1   N/I       0x1A       0x1A   .absSeg134
.abs_section_1b                    1   N/I       0x1B       0x1B   .absSeg135
.abs_section_1c                    1   N/I       0x1C       0x1C   .absSeg136
.abs_section_1d                    1   N/I       0x1D       0x1D   .absSeg137
.abs_section_1e                    1   N/I       0x1E       0x1E   .absSeg138
.abs_section_1f                    1   N/I       0x1F       0x1F   .absSeg139
.abs_section_22                    1   N/I       0x22       0x22   .absSeg140
.abs_section_23                    1   N/I       0x23       0x23   .absSeg141
.abs_section_24                    1   N/I       0x24       0x24   .absSeg142
.abs_section_25                    1   N/I       0x25       0x25   .absSeg143
.abs_section_26                    1   N/I       0x26       0x26   .absSeg144
.abs_section_27                    1   N/I       0x27       0x27   .absSeg145
.abs_section_28                    1   N/I       0x28       0x28   .absSeg146
.abs_section_29                    1   N/I       0x29       0x29   .absSeg147
.abs_section_2a                    1   N/I       0x2A       0x2A   .absSeg148
.abs_section_2b                    1   N/I       0x2B       0x2B   .absSeg149
.abs_section_2d                    1   N/I       0x2D       0x2D   .absSeg150
.abs_section_30                    1   N/I       0x30       0x30   .absSeg151
.abs_section_35                    1   N/I       0x35       0x35   .absSeg152
.abs_section_38                    1   N/I       0x38       0x38   .absSeg153
.abs_section_3b                    1   N/I       0x3B       0x3B   .absSeg154
.abs_section_40                    1   N/I       0x40       0x40   .absSeg155
.abs_section_41                    1   N/I       0x41       0x41   .absSeg156
.abs_section_42                    1   N/I       0x42       0x42   .absSeg157
.abs_section_43                    1   N/I       0x43       0x43   .absSeg158
.abs_section_44                    1   N/I       0x44       0x44   .absSeg159
.abs_section_45                    1   N/I       0x45       0x45   .absSeg160
.abs_section_46                    1   N/I       0x46       0x46   .absSeg161
.abs_section_47                    1   N/I       0x47       0x47   .absSeg162
.abs_section_48                    1   N/I       0x48       0x48   .absSeg163
.abs_section_49                    1   N/I       0x49       0x49   .absSeg164
.abs_section_4a                    1   N/I       0x4A       0x4A   .absSeg165
.abs_section_4b                    1   N/I       0x4B       0x4B   .absSeg166
.abs_section_4e                    1   N/I       0x4E       0x4E   .absSeg167
.abs_section_50                    1   N/I       0x50       0x50   .absSeg168
.abs_section_51                    1   N/I       0x51       0x51   .absSeg169
.abs_section_54                    1   N/I       0x54       0x54   .absSeg170
.abs_section_58                    1   N/I       0x58       0x58   .absSeg171
.abs_section_59                    1   N/I       0x59       0x59   .absSeg172
.abs_section_5a                    1   N/I       0x5A       0x5A   .absSeg173
.abs_section_5b                    1   N/I       0x5B       0x5B   .absSeg174
.abs_section_5c                    1   N/I       0x5C       0x5C   .absSeg175
.abs_section_60                    1   N/I       0x60       0x60   .absSeg176
.abs_section_65                    1   N/I       0x65       0x65   .absSeg177
.abs_section_68                    1   N/I       0x68       0x68   .absSeg178
.abs_section_6b                    1   N/I       0x6B       0x6B   .absSeg179
.abs_section_6e                    1   N/I       0x6E       0x6E   .absSeg180
.abs_section_71                    1   N/I       0x71       0x71   .absSeg181
.abs_section_1800                  1   N/I     0x1800     0x1800   .absSeg182
.abs_section_1801                  1   N/I     0x1801     0x1801   .absSeg183
.abs_section_1802                  1   N/I     0x1802     0x1802   .absSeg184
.abs_section_1808                  1   N/I     0x1808     0x1808   .absSeg185
.abs_section_1809                  1   N/I     0x1809     0x1809   .absSeg186
.abs_section_180a                  1   N/I     0x180A     0x180A   .absSeg187
.abs_section_1810                  1   N/I     0x1810     0x1810   .absSeg188
.abs_section_1811                  1   N/I     0x1811     0x1811   .absSeg189
.abs_section_1812                  1   N/I     0x1812     0x1812   .absSeg190
.abs_section_1813                  1   N/I     0x1813     0x1813   .absSeg191
.abs_section_1816                  1   N/I     0x1816     0x1816   .absSeg192
.abs_section_1817                  1   N/I     0x1817     0x1817   .absSeg193
.abs_section_1818                  1   N/I     0x1818     0x1818   .absSeg194
.abs_section_1820                  1   N/I     0x1820     0x1820   .absSeg195
.abs_section_1821                  1   N/I     0x1821     0x1821   .absSeg196
.abs_section_1823                  1   N/I     0x1823     0x1823   .absSeg197
.abs_section_1824                  1   N/I     0x1824     0x1824   .absSeg198
.abs_section_1825                  1   N/I     0x1825     0x1825   .absSeg199
.abs_section_1826                  1   N/I     0x1826     0x1826   .absSeg200
.abs_section_18                    2   N/I       0x18       0x19   .absSeg201
.abs_section_20                    2   N/I       0x20       0x21   .absSeg202
.abs_section_31                    2   N/I       0x31       0x32   .absSeg203
.abs_section_33                    2   N/I       0x33       0x34   .absSeg204
.abs_section_36                    2   N/I       0x36       0x37   .absSeg205
.abs_section_39                    2   N/I       0x39       0x3A   .absSeg206
.abs_section_3c                    2   N/I       0x3C       0x3D   .absSeg207
.abs_section_4c                    2   N/I       0x4C       0x4D   .absSeg208
.abs_section_52                    2   N/I       0x52       0x53   .absSeg209
.abs_section_61                    2   N/I       0x61       0x62   .absSeg210
.abs_section_63                    2   N/I       0x63       0x64   .absSeg211
.abs_section_66                    2   N/I       0x66       0x67   .absSeg212
.abs_section_69                    2   N/I       0x69       0x6A   .absSeg213
.abs_section_6c                    2   N/I       0x6C       0x6D   .absSeg214
.abs_section_6f                    2   N/I       0x6F       0x70   .absSeg215
.abs_section_72                    2   N/I       0x72       0x73   .absSeg216
.abs_section_1806                  2   N/I     0x1806     0x1807   .absSeg217
.abs_section_1814                  2   N/I     0x1814     0x1815   .absSeg218
rtmon_5ms_rtmon_asm.asm__ORG00001          2     R     0xFFEE     0xFFEF   .absSeg110
.bss                               4   R/W      0x180      0x183   RAM
MyCode                           828     R     0x2169     0x24A4   ROM
.common                         1304   R/W      0x184      0x69B   RAM
.vectSeg219_vect                   2     R     0xFFFE     0xFFFF   .vectSeg219

Summary of section sizes per section type:
READ_ONLY (R):         C83 (dec:     3203)
READ_WRITE (R/W):      5A9 (dec:     1449)
NO_INIT (N/I):          7E (dec:      126)

*********************************************************************************************
VECTOR-ALLOCATION SECTION
    Address     InitValue   InitFunction
---------------------------------------------------------------------------------------------
     0xFFFE        0x18A7   _Startup

*********************************************************************************************
OBJECT-ALLOCATION SECTION
     Name               Module                 Addr   hSize   dSize     Ref    Section   RLIB
---------------------------------------------------------------------------------------------
MODULE:                 -- gpio.c.o --
- PROCEDURES:
     gpio_led_init                             18E6      12      18       1   .text       
     gpio_led_off                              18F8       C      12       1   .text       
- VARIABLES:
MODULE:                 -- keyboard.asm.o --
- PROCEDURES:
     INITKEYB                                  2169      19      25       1   MyCode      
     ikwait                                    2182       6       6       5   MyCode      
     ikwait1                                   2188       E      14       0   MyCode      
     test_klaves                               2196      13      19       1   MyCode      
     test_klaves2                              21A9       B      11       0   MyCode      
     test_klaves3                              21B4       B      11       0   MyCode      
     test_klaves4                              21BF       9       9       0   MyCode      
     test_klaves5                              21C8      11      17       0   MyCode      
     test_klaves6                              21D9      19      25       0   MyCode      
     test_klaves7                              21F2      19      25       0   MyCode      
     test_klaves8                              220B      17      23       0   MyCode      
     test_klaves_kon                           2222       A      10       0   MyCode      
     test_klaves_ER                            222C       7       7       0   MyCode      
- VARIABLES:
     KeyPressed                                  80       1       1      15   MY_ZEROPAGE 
     VAR00001                                  FFD2       2       2       0   .text       
MODULE:                 -- display.asm.o --
- PROCEDURES:
     INITDISP                                  2233      33      51       1   MyCode      
     CLRRED                                    2266       8       8       0   MyCode      
     CLRGREEN                                  226E       6       6       0   MyCode      
     clrdata                                   2274       F      15       0   MyCode      
     RED10                                     2283      18      24       1   MyCode      
     Red10A                                    229B      3C      60       0   MyCode      
     ERROR10                                   22D7      16      22       0   MyCode      
     GREEN10                                   22ED      18      24       1   MyCode      
     Green10A                                  2305      3C      60       0   MyCode      
     RED16                                     2341       3       3       0   MyCode      
     RED16a                                    2344       8       8       1   MyCode      
     GREEN16                                   234C       3       3       0   MyCode      
     GREEN16a                                  234F       5       5       1   MyCode      
     Load16                                    2354      19      25       1   MyCode      
     Treti                                     236D       2       2       0   MyCode      
     TretiFalse                                236F      14      20       1   MyCode      
     Druha                                     2383       2       2       0   MyCode      
     DruhaFalse                                2385      19      25       1   MyCode      
     Prvni                                     239E       2       2       0   MyCode      
     PrvniFalse                                23A0      14      20       1   MyCode      
     Nulta                                     23B4       2       2       0   MyCode      
     NultaFalse                                23B6       C      12       1   MyCode      
     Priradhodnotu                             23C2       8       8       4   MyCode      
     H1                                        23CA       8       8       0   MyCode      
     H2                                        23D2       8       8       0   MyCode      
     H3                                        23DA       8       8       0   MyCode      
     H4                                        23E2       8       8       0   MyCode      
     H5                                        23EA       8       8       0   MyCode      
     H6                                        23F2       8       8       0   MyCode      
     H7                                        23FA       8       8       0   MyCode      
     H8                                        2402       8       8       0   MyCode      
     H9                                        240A       8       8       0   MyCode      
     H10                                       2412       8       8       0   MyCode      
     H11                                       241A       8       8       0   MyCode      
     H12                                       2422       8       8       0   MyCode      
     H13                                       242A       8       8       0   MyCode      
     H14                                       2432       8       8       0   MyCode      
     H15                                       243A       8       8       0   MyCode      
     WX                                        2442       A      10       0   MyCode      
     IDWAIT1                                   244C       E      14       0   MyCode      
     LED_INT                                   245A       F      15       1   MyCode      
     n1                                        2469       E      14       0   MyCode      
     n2                                        2477      11      17       0   MyCode      
- VARIABLES:
     GREENDISP                                   81       4       4       5   MY_ZEROPAGE 
     REDDISP                                     85       4       4       4   MY_ZEROPAGE 
     activdisp                                   89       1       1       5   MY_ZEROPAGE 
     adrdisp                                     8A       1       1       5   MY_ZEROPAGE 
     pom                                         8B       1       1       2   MY_ZEROPAGE 
     VAR00001                                  FFE2       2       2       0   .text       
MODULE:                 -- main.c.o --
- PROCEDURES:
     main                                      1904      DE     222       1   .text       
     cas                                       19E2       F      15       1   .text       
     sci                                       19F1       1       1       1   .text       
     stopky                                    19F2      5B      91       1   .text       
     counter                                   1A4D       1       1       1   .text       
     keyboard                                  1A4E      3A      58       1   .text       
- VARIABLES:
     STRING.proc1.1                            18C2       6       6       1   .rodata1    
     STRING.proc2.2                            18C8       6       6       1   .rodata1    
     STRING.proc3.3                            18CE       6       6       1   .rodata1    
     STRING.proc4.4                            18D4       6       6       1   .rodata1    
     STRING.proc5.5                            18DA       6       6       1   .rodata1    
     time                                       180       4       4       6   .bss        
     init                                       184       2       2       2   .common     
     pSCI                                       186       2       2       1   .common     
     pStopky                                    188       2       2       2   .common     
     pCounter                                   18A       2       2       1   .common     
     pKeyboard                                  18C       2       2       3   .common     
     pCas                                       18E       2       2       3   .common     
     tlac                                       190       1       1       3   .common     
MODULE:                 -- main.asm.o --
- PROCEDURES:
     asm_main                                  2488       5       5       1   MyCode      
- VARIABLES:
     temp_byte                                   8C       1       1       1   MY_ZEROPAGE 
MODULE:                 -- RTSHC08.C.o (ansifs.lib) --
- PROCEDURES:
     _PUSH_ARGS_L                              1A88      20      32       1   .text       
     _ENTER_UNARY_L                            1AA8      29      41       1   .text       
     _ENTER_BINARY_L_RC                        1AD1      19      25       2   .text       
     _LDIVMOD                                  1AEA      A4     164       2   .text       
     _LMODU_k_is_k_mod_j                       1B8E       B      11       1   .text       
     _LDIVU_k_is_k_div_j                       1B99      17      23       1   .text       
     _IMUL_STAR08                              1BB0      27      39       1   .text       
     _ICMP                                     1BD7      16      22       1   .text       
     _LINC                                     1BED      16      22       1   .text       
     _LDIVU_RC                                 1C03       6       6       1   .text       
     _LMODU_RC                                 1C09       6       6       1   .text       
     _POP32                                    1C0F      1A      26       1   .text       
- VARIABLES:
MODULE:                 -- MC9S08GB60A.C.o --
- PROCEDURES:
- VARIABLES:
     _PTAD                                        0       1       1       0   .abs_section_0
     _PTAPE                                       1       1       1       1   .abs_section_1
     _PTASE                                       2       1       1       0   .abs_section_2
     _PTADD                                       3       1       1       1   .abs_section_3
     _PTBD                                        4       1       1       0   .abs_section_4
     _PTBPE                                       5       1       1       0   .abs_section_5
     _PTBSE                                       6       1       1       0   .abs_section_6
     _PTBDD                                       7       1       1       0   .abs_section_7
     _PTCD                                        8       1       1       0   .abs_section_8
     _PTCPE                                       9       1       1       0   .abs_section_9
     _PTCSE                                       A       1       1       0   .abs_section_a
     _PTCDD                                       B       1       1       0   .abs_section_b
     _PTDD                                        C       1       1       0   .abs_section_c
     _PTDPE                                       D       1       1       0   .abs_section_d
     _PTDSE                                       E       1       1       0   .abs_section_e
     _PTDDD                                       F       1       1       0   .abs_section_f
     _PTED                                       10       1       1       0   .abs_section_10
     _PTEPE                                      11       1       1       0   .abs_section_11
     _PTESE                                      12       1       1       0   .abs_section_12
     _PTEDD                                      13       1       1       0   .abs_section_13
     _IRQSC                                      14       1       1       0   .abs_section_14
     _KBI1SC                                     16       1       1       0   .abs_section_16
     _KBI1PE                                     17       1       1       0   .abs_section_17
     _SCI1C1                                     1A       1       1       0   .abs_section_1a
     _SCI1C2                                     1B       1       1       0   .abs_section_1b
     _SCI1S1                                     1C       1       1       0   .abs_section_1c
     _SCI1S2                                     1D       1       1       0   .abs_section_1d
     _SCI1C3                                     1E       1       1       0   .abs_section_1e
     _SCI1D                                      1F       1       1       0   .abs_section_1f
     _SCI2C1                                     22       1       1       0   .abs_section_22
     _SCI2C2                                     23       1       1       0   .abs_section_23
     _SCI2S1                                     24       1       1       0   .abs_section_24
     _SCI2S2                                     25       1       1       0   .abs_section_25
     _SCI2C3                                     26       1       1       0   .abs_section_26
     _SCI2D                                      27       1       1       0   .abs_section_27
     _SPI1C1                                     28       1       1       0   .abs_section_28
     _SPI1C2                                     29       1       1       0   .abs_section_29
     _SPI1BR                                     2A       1       1       0   .abs_section_2a
     _SPI1S                                      2B       1       1       0   .abs_section_2b
     _SPI1D                                      2D       1       1       0   .abs_section_2d
     _TPM1SC                                     30       1       1      10   .abs_section_30
     _TPM1C0SC                                   35       1       1       0   .abs_section_35
     _TPM1C1SC                                   38       1       1       0   .abs_section_38
     _TPM1C2SC                                   3B       1       1       0   .abs_section_3b
     _PTFD                                       40       1       1       2   .abs_section_40
     _PTFPE                                      41       1       1       2   .abs_section_41
     _PTFSE                                      42       1       1       0   .abs_section_42
     _PTFDD                                      43       1       1       2   .abs_section_43
     _PTGD                                       44       1       1       0   .abs_section_44
     _PTGPE                                      45       1       1       0   .abs_section_45
     _PTGSE                                      46       1       1       0   .abs_section_46
     _PTGDD                                      47       1       1       0   .abs_section_47
     _ICGC1                                      48       1       1       0   .abs_section_48
     _ICGC2                                      49       1       1       0   .abs_section_49
     _ICGS1                                      4A       1       1       0   .abs_section_4a
     _ICGS2                                      4B       1       1       0   .abs_section_4b
     _ICGTRM                                     4E       1       1       0   .abs_section_4e
     _ATD1C                                      50       1       1       1   .abs_section_50
     _ATD1SC                                     51       1       1       0   .abs_section_51
     _ATD1PE                                     54       1       1       1   .abs_section_54
     _IIC1A                                      58       1       1       0   .abs_section_58
     _IIC1F                                      59       1       1       0   .abs_section_59
     _IIC1C                                      5A       1       1       0   .abs_section_5a
     _IIC1S                                      5B       1       1       0   .abs_section_5b
     _IIC1D                                      5C       1       1       0   .abs_section_5c
     _TPM2SC                                     60       1       1       0   .abs_section_60
     _TPM2C0SC                                   65       1       1       0   .abs_section_65
     _TPM2C1SC                                   68       1       1       0   .abs_section_68
     _TPM2C2SC                                   6B       1       1       0   .abs_section_6b
     _TPM2C3SC                                   6E       1       1       0   .abs_section_6e
     _TPM2C4SC                                   71       1       1       0   .abs_section_71
     _SRS                                      1800       1       1      13   .abs_section_1800
     _SBDFR                                    1801       1       1       0   .abs_section_1801
     _SOPT                                     1802       1       1       0   .abs_section_1802
     _SRTISC                                   1808       1       1       0   .abs_section_1808
     _SPMSC1                                   1809       1       1       0   .abs_section_1809
     _SPMSC2                                   180A       1       1       0   .abs_section_180a
     _DBGCAH                                   1810       1       1       0   .abs_section_1810
     _DBGCAL                                   1811       1       1       0   .abs_section_1811
     _DBGCBH                                   1812       1       1       0   .abs_section_1812
     _DBGCBL                                   1813       1       1       0   .abs_section_1813
     _DBGC                                     1816       1       1       0   .abs_section_1816
     _DBGT                                     1817       1       1       0   .abs_section_1817
     _DBGS                                     1818       1       1       0   .abs_section_1818
     _FCDIV                                    1820       1       1       0   .abs_section_1820
     _FOPT                                     1821       1       1       0   .abs_section_1821
     _FCNFG                                    1823       1       1       0   .abs_section_1823
     _FPROT                                    1824       1       1       0   .abs_section_1824
     _FSTAT                                    1825       1       1       0   .abs_section_1825
     _FCMD                                     1826       1       1       0   .abs_section_1826
     _SCI1BD                                     18       2       2       0   .abs_section_18
     _SCI2BD                                     20       2       2       0   .abs_section_20
     _TPM1CNT                                    31       2       2       0   .abs_section_31
     _TPM1MOD                                    33       2       2       1   .abs_section_33
     _TPM1C0V                                    36       2       2       0   .abs_section_36
     _TPM1C1V                                    39       2       2       0   .abs_section_39
     _TPM1C2V                                    3C       2       2       0   .abs_section_3c
     _ICGFLT                                     4C       2       2       0   .abs_section_4c
     _ATD1R                                      52       2       2       0   .abs_section_52
     _TPM2CNT                                    61       2       2       0   .abs_section_61
     _TPM2MOD                                    63       2       2       0   .abs_section_63
     _TPM2C0V                                    66       2       2       0   .abs_section_66
     _TPM2C1V                                    69       2       2       0   .abs_section_69
     _TPM2C2V                                    6C       2       2       0   .abs_section_6c
     _TPM2C3V                                    6F       2       2       0   .abs_section_6f
     _TPM2C4V                                    72       2       2       0   .abs_section_72
     _SDID                                     1806       2       2       0   .abs_section_1806
     _DBGF                                     1814       2       2       0   .abs_section_1814
MODULE:                 -- Start08.c.o --
- PROCEDURES:
     loadByte                                  182C       E      14       5   .init       
     Init                                      183A      6D     109       1   .init       
     _Startup                                  18A7       9       9       0   .init       
- VARIABLES:
     _startupData                              18B0       6       6       4   .startData  
- LABELS:
     __SEG_END_SSTACK                           180       0       0       1               
MODULE:                 -- C:\Documents and Settings\dolinay\Dokumenty\Mikropocitace\Freescale\rtmon_hc08\rtmon_lib\rtmon_lib_Data\Standard\ObjectCode\rtmon_08c.c.o (rtmon_5ms.lib) --
- PROCEDURES:
     rtmon_kernel                              1C29      90     144       1   .text       
     rtmon_scheduler                           1CB9      69     105       1   .text       
     rtmon_refreshqwaiting                     1D22      B5     181       4   .text       
     rtmon_dummy                               1DD7       E      14       1   .text       
     rtmon_pq_findhiestpriority                1DE5      56      86       1   .text       
     rtmon_initprocstack                       1E3B      53      83       3   .text       
     rtmon_push                                1E8E      14      20       6   .text       
     rtm_init                                  1EA2      B1     177       1   .text       
     rtm_create_p                              1F53      F9     249       8   .text       
     rtm_start_p                               204C      88     136       3   .text       
     rtm_delay_p                               20D4      4F      79       2   .text       
     rtm_stop_p                                2123      46      70       1   .text       
- VARIABLES:
     STRING.dummy.1                            18E0       6       6       1   .rodata1    
     rtmon_data                                 191      D8     216      17   .common     
     rtmon_stackpool                            269     400    1024       5   .common     
     rtmon_lastprocess                          669       1       1       9   .common     
     rtmon_toberun                              66A       2       2       2   .common     
     rtmon_curproc                              66C       2       2       8   .common     
     rtmon_tobesp                               66E       2       2       5   .common     
     rtmon_status                               670       1       1      10   .common     
     g_TickCount                                671       2       2       1   .common     
     rtmon_queues                               673      28      40       8   .common     
     rtmon_lastq                                69B       1       1       5   .common     
MODULE:                 -- C:\Documents and Settings\dolinay\Dokumenty\Mikropocitace\Freescale\rtmon_hc08\rtmon_lib\rtmon_lib_Data\Standard\ObjectCode\rtmon_asm.asm.o (rtmon_5ms.lib) --
- PROCEDURES:
     TOF_int                                   248D      10      16       2   MyCode      
     rtmon_SWI                                 249D       8       8       3   MyCode      
- VARIABLES:
     VAR00001                                  FFEE       2       2       0   .text       

*********************************************************************************************
MODULE STATISTIC
  Name                                      Data   Code  Const
---------------------------------------------------------------------------------------------
  gpio.c.o                                     0     30      0
  keyboard.asm.o                               1    202      2
  display.asm.o                               11    597      2
  main.c.o                                    17    388     30
  main.asm.o                                   1      5      0
  RTSHC08.C.o (ansifs.lib)                     0    417      0
  MC9S08GB60A.C.o                            126      0      0
  Start08.c.o                                  0    132      0
  C:\Documents and Settings\dolinay\Dokumenty\Mikropocitace\Freescale\rtmon_hc08\rtmon_lib\rtmon_lib_Data\Standard\ObjectCode\rtmon_08c.c.o (rtmon_5ms.lib)  1291   1344      6
  C:\Documents and Settings\dolinay\Dokumenty\Mikropocitace\Freescale\rtmon_hc08\rtmon_lib\rtmon_lib_Data\Standard\ObjectCode\rtmon_asm.asm.o (rtmon_5ms.lib)     0     24      2
  other                                      128     20      2

*********************************************************************************************
SECTION USE IN OBJECT-ALLOCATION SECTION
---------------------------------------------------------------------------------------------
SECTION: ".text"
  gpio_led_init gpio_led_off main cas sci stopky counter keyboard _PUSH_ARGS_L 
  _ENTER_UNARY_L _ENTER_BINARY_L_RC _LDIVMOD _LMODU_k_is_k_mod_j 
  _LDIVU_k_is_k_div_j _IMUL_STAR08 _ICMP _LINC _LDIVU_RC _LMODU_RC _POP32 
  rtmon_kernel rtmon_scheduler rtmon_refreshqwaiting rtmon_dummy 
  rtmon_pq_findhiestpriority rtmon_initprocstack rtmon_push rtm_init 
  rtm_create_p rtm_start_p rtm_delay_p rtm_stop_p VAR00001 VAR00001 VAR00001 
SECTION: ".bss"
  time 
SECTION: ".init"
  loadByte Init _Startup 
SECTION: ".rodata1"
  STRING.proc1.1 STRING.proc2.2 STRING.proc3.3 STRING.proc4.4 STRING.proc5.5 
  STRING.dummy.1 
SECTION: "MY_ZEROPAGE"
  KeyPressed GREENDISP REDDISP activdisp adrdisp pom temp_byte 
SECTION: "MyCode"
  INITKEYB ikwait ikwait1 test_klaves test_klaves2 test_klaves3 test_klaves4 
  test_klaves5 test_klaves6 test_klaves7 test_klaves8 test_klaves_kon 
  test_klaves_ER INITDISP CLRRED CLRGREEN clrdata RED10 Red10A ERROR10 GREEN10 
  Green10A RED16 RED16a GREEN16 GREEN16a Load16 Treti TretiFalse Druha 
  DruhaFalse Prvni PrvniFalse Nulta NultaFalse Priradhodnotu H1 H2 H3 H4 H5 H6 
  H7 H8 H9 H10 H11 H12 H13 H14 H15 WX IDWAIT1 LED_INT n1 n2 asm_main TOF_int 
  rtmon_SWI 
SECTION: ".common"
  init pSCI pStopky pCounter pKeyboard pCas tlac rtmon_data rtmon_stackpool 
  rtmon_lastprocess rtmon_toberun rtmon_curproc rtmon_tobesp rtmon_status 
  g_TickCount rtmon_queues rtmon_lastq 
SECTION: ".abs_section_0"
  _PTAD 
SECTION: ".abs_section_1"
  _PTAPE 
SECTION: ".abs_section_2"
  _PTASE 
SECTION: ".abs_section_3"
  _PTADD 
SECTION: ".abs_section_4"
  _PTBD 
SECTION: ".abs_section_5"
  _PTBPE 
SECTION: ".abs_section_6"
  _PTBSE 
SECTION: ".abs_section_7"
  _PTBDD 
SECTION: ".abs_section_8"
  _PTCD 
SECTION: ".abs_section_9"
  _PTCPE 
SECTION: ".abs_section_a"
  _PTCSE 
SECTION: ".abs_section_b"
  _PTCDD 
SECTION: ".abs_section_c"
  _PTDD 
SECTION: ".abs_section_d"
  _PTDPE 
SECTION: ".abs_section_e"
  _PTDSE 
SECTION: ".abs_section_f"
  _PTDDD 
SECTION: ".abs_section_10"
  _PTED 
SECTION: ".abs_section_11"
  _PTEPE 
SECTION: ".abs_section_12"
  _PTESE 
SECTION: ".abs_section_13"
  _PTEDD 
SECTION: ".abs_section_14"
  _IRQSC 
SECTION: ".abs_section_16"
  _KBI1SC 
SECTION: ".abs_section_17"
  _KBI1PE 
SECTION: ".abs_section_1a"
  _SCI1C1 
SECTION: ".abs_section_1b"
  _SCI1C2 
SECTION: ".abs_section_1c"
  _SCI1S1 
SECTION: ".abs_section_1d"
  _SCI1S2 
SECTION: ".abs_section_1e"
  _SCI1C3 
SECTION: ".abs_section_1f"
  _SCI1D 
SECTION: ".abs_section_22"
  _SCI2C1 
SECTION: ".abs_section_23"
  _SCI2C2 
SECTION: ".abs_section_24"
  _SCI2S1 
SECTION: ".abs_section_25"
  _SCI2S2 
SECTION: ".abs_section_26"
  _SCI2C3 
SECTION: ".abs_section_27"
  _SCI2D 
SECTION: ".abs_section_28"
  _SPI1C1 
SECTION: ".abs_section_29"
  _SPI1C2 
SECTION: ".abs_section_2a"
  _SPI1BR 
SECTION: ".abs_section_2b"
  _SPI1S 
SECTION: ".abs_section_2d"
  _SPI1D 
SECTION: ".abs_section_30"
  _TPM1SC 
SECTION: ".abs_section_35"
  _TPM1C0SC 
SECTION: ".abs_section_38"
  _TPM1C1SC 
SECTION: ".abs_section_3b"
  _TPM1C2SC 
SECTION: ".abs_section_40"
  _PTFD 
SECTION: ".abs_section_41"
  _PTFPE 
SECTION: ".abs_section_42"
  _PTFSE 
SECTION: ".abs_section_43"
  _PTFDD 
SECTION: ".abs_section_44"
  _PTGD 
SECTION: ".abs_section_45"
  _PTGPE 
SECTION: ".abs_section_46"
  _PTGSE 
SECTION: ".abs_section_47"
  _PTGDD 
SECTION: ".abs_section_48"
  _ICGC1 
SECTION: ".abs_section_49"
  _ICGC2 
SECTION: ".abs_section_4a"
  _ICGS1 
SECTION: ".abs_section_4b"
  _ICGS2 
SECTION: ".abs_section_4e"
  _ICGTRM 
SECTION: ".abs_section_50"
  _ATD1C 
SECTION: ".abs_section_51"
  _ATD1SC 
SECTION: ".abs_section_54"
  _ATD1PE 
SECTION: ".abs_section_58"
  _IIC1A 
SECTION: ".abs_section_59"
  _IIC1F 
SECTION: ".abs_section_5a"
  _IIC1C 
SECTION: ".abs_section_5b"
  _IIC1S 
SECTION: ".abs_section_5c"
  _IIC1D 
SECTION: ".abs_section_60"
  _TPM2SC 
SECTION: ".abs_section_65"
  _TPM2C0SC 
SECTION: ".abs_section_68"
  _TPM2C1SC 
SECTION: ".abs_section_6b"
  _TPM2C2SC 
SECTION: ".abs_section_6e"
  _TPM2C3SC 
SECTION: ".abs_section_71"
  _TPM2C4SC 
SECTION: ".abs_section_1800"
  _SRS 
SECTION: ".abs_section_1801"
  _SBDFR 
SECTION: ".abs_section_1802"
  _SOPT 
SECTION: ".abs_section_1808"
  _SRTISC 
SECTION: ".abs_section_1809"
  _SPMSC1 
SECTION: ".abs_section_180a"
  _SPMSC2 
SECTION: ".abs_section_1810"
  _DBGCAH 
SECTION: ".abs_section_1811"
  _DBGCAL 
SECTION: ".abs_section_1812"
  _DBGCBH 
SECTION: ".abs_section_1813"
  _DBGCBL 
SECTION: ".abs_section_1816"
  _DBGC 
SECTION: ".abs_section_1817"
  _DBGT 
SECTION: ".abs_section_1818"
  _DBGS 
SECTION: ".abs_section_1820"
  _FCDIV 
SECTION: ".abs_section_1821"
  _FOPT 
SECTION: ".abs_section_1823"
  _FCNFG 
SECTION: ".abs_section_1824"
  _FPROT 
SECTION: ".abs_section_1825"
  _FSTAT 
SECTION: ".abs_section_1826"
  _FCMD 
SECTION: ".abs_section_18"
  _SCI1BD 
SECTION: ".abs_section_20"
  _SCI2BD 
SECTION: ".abs_section_31"
  _TPM1CNT 
SECTION: ".abs_section_33"
  _TPM1MOD 
SECTION: ".abs_section_36"
  _TPM1C0V 
SECTION: ".abs_section_39"
  _TPM1C1V 
SECTION: ".abs_section_3c"
  _TPM1C2V 
SECTION: ".abs_section_4c"
  _ICGFLT 
SECTION: ".abs_section_52"
  _ATD1R 
SECTION: ".abs_section_61"
  _TPM2CNT 
SECTION: ".abs_section_63"
  _TPM2MOD 
SECTION: ".abs_section_66"
  _TPM2C0V 
SECTION: ".abs_section_69"
  _TPM2C1V 
SECTION: ".abs_section_6c"
  _TPM2C2V 
SECTION: ".abs_section_6f"
  _TPM2C3V 
SECTION: ".abs_section_72"
  _TPM2C4V 
SECTION: ".abs_section_1806"
  _SDID 
SECTION: ".abs_section_1814"
  _DBGF 

*********************************************************************************************
OBJECT LIST SORTED BY ADDRESS
     Name                                      Addr   hSize   dSize     Ref    Section   RLIB
---------------------------------------------------------------------------------------------
     _PTAD                                        0       1       1       0   .abs_section_0
     _PTAPE                                       1       1       1       1   .abs_section_1
     _PTASE                                       2       1       1       0   .abs_section_2
     _PTADD                                       3       1       1       1   .abs_section_3
     _PTBD                                        4       1       1       0   .abs_section_4
     _PTBPE                                       5       1       1       0   .abs_section_5
     _PTBSE                                       6       1       1       0   .abs_section_6
     _PTBDD                                       7       1       1       0   .abs_section_7
     _PTCD                                        8       1       1       0   .abs_section_8
     _PTCPE                                       9       1       1       0   .abs_section_9
     _PTCSE                                       A       1       1       0   .abs_section_a
     _PTCDD                                       B       1       1       0   .abs_section_b
     _PTDD                                        C       1       1       0   .abs_section_c
     _PTDPE                                       D       1       1       0   .abs_section_d
     _PTDSE                                       E       1       1       0   .abs_section_e
     _PTDDD                                       F       1       1       0   .abs_section_f
     _PTED                                       10       1       1       0   .abs_section_10
     _PTEPE                                      11       1       1       0   .abs_section_11
     _PTESE                                      12       1       1       0   .abs_section_12
     _PTEDD                                      13       1       1       0   .abs_section_13
     _IRQSC                                      14       1       1       0   .abs_section_14
     _KBI1SC                                     16       1       1       0   .abs_section_16
     _KBI1PE                                     17       1       1       0   .abs_section_17
     _SCI1BD                                     18       2       2       0   .abs_section_18
     _SCI1C1                                     1A       1       1       0   .abs_section_1a
     _SCI1C2                                     1B       1       1       0   .abs_section_1b
     _SCI1S1                                     1C       1       1       0   .abs_section_1c
     _SCI1S2                                     1D       1       1       0   .abs_section_1d
     _SCI1C3                                     1E       1       1       0   .abs_section_1e
     _SCI1D                                      1F       1       1       0   .abs_section_1f
     _SCI2BD                                     20       2       2       0   .abs_section_20
     _SCI2C1                                     22       1       1       0   .abs_section_22
     _SCI2C2                                     23       1       1       0   .abs_section_23
     _SCI2S1                                     24       1       1       0   .abs_section_24
     _SCI2S2                                     25       1       1       0   .abs_section_25
     _SCI2C3                                     26       1       1       0   .abs_section_26
     _SCI2D                                      27       1       1       0   .abs_section_27
     _SPI1C1                                     28       1       1       0   .abs_section_28
     _SPI1C2                                     29       1       1       0   .abs_section_29
     _SPI1BR                                     2A       1       1       0   .abs_section_2a
     _SPI1S                                      2B       1       1       0   .abs_section_2b
     _SPI1D                                      2D       1       1       0   .abs_section_2d
     _TPM1SC                                     30       1       1      10   .abs_section_30
     _TPM1CNT                                    31       2       2       0   .abs_section_31
     _TPM1MOD                                    33       2       2       1   .abs_section_33
     _TPM1C0SC                                   35       1       1       0   .abs_section_35
     _TPM1C0V                                    36       2       2       0   .abs_section_36
     _TPM1C1SC                                   38       1       1       0   .abs_section_38
     _TPM1C1V                                    39       2       2       0   .abs_section_39
     _TPM1C2SC                                   3B       1       1       0   .abs_section_3b
     _TPM1C2V                                    3C       2       2       0   .abs_section_3c
     _PTFD                                       40       1       1       2   .abs_section_40
     _PTFPE                                      41       1       1       2   .abs_section_41
     _PTFSE                                      42       1       1       0   .abs_section_42
     _PTFDD                                      43       1       1       2   .abs_section_43
     _PTGD                                       44       1       1       0   .abs_section_44
     _PTGPE                                      45       1       1       0   .abs_section_45
     _PTGSE                                      46       1       1       0   .abs_section_46
     _PTGDD                                      47       1       1       0   .abs_section_47
     _ICGC1                                      48       1       1       0   .abs_section_48
     _ICGC2                                      49       1       1       0   .abs_section_49
     _ICGS1                                      4A       1       1       0   .abs_section_4a
     _ICGS2                                      4B       1       1       0   .abs_section_4b
     _ICGFLT                                     4C       2       2       0   .abs_section_4c
     _ICGTRM                                     4E       1       1       0   .abs_section_4e
     _ATD1C                                      50       1       1       1   .abs_section_50
     _ATD1SC                                     51       1       1       0   .abs_section_51
     _ATD1R                                      52       2       2       0   .abs_section_52
     _ATD1PE                                     54       1       1       1   .abs_section_54
     _IIC1A                                      58       1       1       0   .abs_section_58
     _IIC1F                                      59       1       1       0   .abs_section_59
     _IIC1C                                      5A       1       1       0   .abs_section_5a
     _IIC1S                                      5B       1       1       0   .abs_section_5b
     _IIC1D                                      5C       1       1       0   .abs_section_5c
     _TPM2SC                                     60       1       1       0   .abs_section_60
     _TPM2CNT                                    61       2       2       0   .abs_section_61
     _TPM2MOD                                    63       2       2       0   .abs_section_63
     _TPM2C0SC                                   65       1       1       0   .abs_section_65
     _TPM2C0V                                    66       2       2       0   .abs_section_66
     _TPM2C1SC                                   68       1       1       0   .abs_section_68
     _TPM2C1V                                    69       2       2       0   .abs_section_69
     _TPM2C2SC                                   6B       1       1       0   .abs_section_6b
     _TPM2C2V                                    6C       2       2       0   .abs_section_6c
     _TPM2C3SC                                   6E       1       1       0   .abs_section_6e
     _TPM2C3V                                    6F       2       2       0   .abs_section_6f
     _TPM2C4SC                                   71       1       1       0   .abs_section_71
     _TPM2C4V                                    72       2       2       0   .abs_section_72
     KeyPressed                                  80       1       1      15   MY_ZEROPAGE 
     GREENDISP                                   81       4       4       5   MY_ZEROPAGE 
     REDDISP                                     85       4       4       4   MY_ZEROPAGE 
     activdisp                                   89       1       1       5   MY_ZEROPAGE 
     adrdisp                                     8A       1       1       5   MY_ZEROPAGE 
     pom                                         8B       1       1       2   MY_ZEROPAGE 
     temp_byte                                   8C       1       1       1   MY_ZEROPAGE 
     time                                       180       4       4       6   .bss        
     init                                       184       2       2       2   .common     
     pSCI                                       186       2       2       1   .common     
     pStopky                                    188       2       2       2   .common     
     pCounter                                   18A       2       2       1   .common     
     pKeyboard                                  18C       2       2       3   .common     
     pCas                                       18E       2       2       3   .common     
     tlac                                       190       1       1       3   .common     
     rtmon_data                                 191      D8     216      17   .common     
     rtmon_stackpool                            269     400    1024       5   .common     
     rtmon_lastprocess                          669       1       1       9   .common     
     rtmon_toberun                              66A       2       2       2   .common     
     rtmon_curproc                              66C       2       2       8   .common     
     rtmon_tobesp                               66E       2       2       5   .common     
     rtmon_status                               670       1       1      10   .common     
     g_TickCount                                671       2       2       1   .common     
     rtmon_queues                               673      28      40       8   .common     
     rtmon_lastq                                69B       1       1       5   .common     
     _SRS                                      1800       1       1      13   .abs_section_1800
     _SBDFR                                    1801       1       1       0   .abs_section_1801
     _SOPT                                     1802       1       1       0   .abs_section_1802
     _SDID                                     1806       2       2       0   .abs_section_1806
     _SRTISC                                   1808       1       1       0   .abs_section_1808
     _SPMSC1                                   1809       1       1       0   .abs_section_1809
     _SPMSC2                                   180A       1       1       0   .abs_section_180a
     _DBGCAH                                   1810       1       1       0   .abs_section_1810
     _DBGCAL                                   1811       1       1       0   .abs_section_1811
     _DBGCBH                                   1812       1       1       0   .abs_section_1812
     _DBGCBL                                   1813       1       1       0   .abs_section_1813
     _DBGF                                     1814       2       2       0   .abs_section_1814
     _DBGC                                     1816       1       1       0   .abs_section_1816
     _DBGT                                     1817       1       1       0   .abs_section_1817
     _DBGS                                     1818       1       1       0   .abs_section_1818
     _FCDIV                                    1820       1       1       0   .abs_section_1820
     _FOPT                                     1821       1       1       0   .abs_section_1821
     _FCNFG                                    1823       1       1       0   .abs_section_1823
     _FPROT                                    1824       1       1       0   .abs_section_1824
     _FSTAT                                    1825       1       1       0   .abs_section_1825
     _FCMD                                     1826       1       1       0   .abs_section_1826
     loadByte                                  182C       E      14       5   .init       
     Init                                      183A      6D     109       1   .init       
     _Startup                                  18A7       9       9       0   .init       
     STRING.proc1.1                            18C2       6       6       1   .rodata1    
     STRING.proc2.2                            18C8       6       6       1   .rodata1    
     STRING.proc3.3                            18CE       6       6       1   .rodata1    
     STRING.proc4.4                            18D4       6       6       1   .rodata1    
     STRING.proc5.5                            18DA       6       6       1   .rodata1    
     STRING.dummy.1                            18E0       6       6       1   .rodata1    
     gpio_led_init                             18E6      12      18       1   .text       
     gpio_led_off                              18F8       C      12       1   .text       
     main                                      1904      DE     222       1   .text       
     cas                                       19E2       F      15       1   .text       
     sci                                       19F1       1       1       1   .text       
     stopky                                    19F2      5B      91       1   .text       
     counter                                   1A4D       1       1       1   .text       
     keyboard                                  1A4E      3A      58       1   .text       
     _PUSH_ARGS_L                              1A88      20      32       1   .text       
     _ENTER_UNARY_L                            1AA8      29      41       1   .text       
     _ENTER_BINARY_L_RC                        1AD1      19      25       2   .text       
     _LDIVMOD                                  1AEA      A4     164       2   .text       
     _LMODU_k_is_k_mod_j                       1B8E       B      11       1   .text       
     _LDIVU_k_is_k_div_j                       1B99      17      23       1   .text       
     _IMUL_STAR08                              1BB0      27      39       1   .text       
     _ICMP                                     1BD7      16      22       1   .text       
     _LINC                                     1BED      16      22       1   .text       
     _LDIVU_RC                                 1C03       6       6       1   .text       
     _LMODU_RC                                 1C09       6       6       1   .text       
     _POP32                                    1C0F      1A      26       1   .text       
     rtmon_kernel                              1C29      90     144       1   .text       
     rtmon_scheduler                           1CB9      69     105       1   .text       
     rtmon_refreshqwaiting                     1D22      B5     181       4   .text       
     rtmon_dummy                               1DD7       E      14       1   .text       
     rtmon_pq_findhiestpriority                1DE5      56      86       1   .text       
     rtmon_initprocstack                       1E3B      53      83       3   .text       
     rtmon_push                                1E8E      14      20       6   .text       
     rtm_init                                  1EA2      B1     177       1   .text       
     rtm_create_p                              1F53      F9     249       8   .text       
     rtm_start_p                               204C      88     136       3   .text       
     rtm_delay_p                               20D4      4F      79       2   .text       
     rtm_stop_p                                2123      46      70       1   .text       
     INITKEYB                                  2169      19      25       1   MyCode      
     ikwait                                    2182       6       6       5   MyCode      
     ikwait1                                   2188       E      14       0   MyCode      
     test_klaves                               2196      13      19       1   MyCode      
     test_klaves2                              21A9       B      11       0   MyCode      
     test_klaves3                              21B4       B      11       0   MyCode      
     test_klaves4                              21BF       9       9       0   MyCode      
     test_klaves5                              21C8      11      17       0   MyCode      
     test_klaves6                              21D9      19      25       0   MyCode      
     test_klaves7                              21F2      19      25       0   MyCode      
     test_klaves8                              220B      17      23       0   MyCode      
     test_klaves_kon                           2222       A      10       0   MyCode      
     test_klaves_ER                            222C       7       7       0   MyCode      
     INITDISP                                  2233      33      51       1   MyCode      
     CLRRED                                    2266       8       8       0   MyCode      
     CLRGREEN                                  226E       6       6       0   MyCode      
     clrdata                                   2274       F      15       0   MyCode      
     RED10                                     2283      18      24       1   MyCode      
     Red10A                                    229B      3C      60       0   MyCode      
     ERROR10                                   22D7      16      22       0   MyCode      
     GREEN10                                   22ED      18      24       1   MyCode      
     Green10A                                  2305      3C      60       0   MyCode      
     RED16                                     2341       3       3       0   MyCode      
     RED16a                                    2344       8       8       1   MyCode      
     GREEN16                                   234C       3       3       0   MyCode      
     GREEN16a                                  234F       5       5       1   MyCode      
     Load16                                    2354      19      25       1   MyCode      
     Treti                                     236D       2       2       0   MyCode      
     TretiFalse                                236F      14      20       1   MyCode      
     Druha                                     2383       2       2       0   MyCode      
     DruhaFalse                                2385      19      25       1   MyCode      
     Prvni                                     239E       2       2       0   MyCode      
     PrvniFalse                                23A0      14      20       1   MyCode      
     Nulta                                     23B4       2       2       0   MyCode      
     NultaFalse                                23B6       C      12       1   MyCode      
     Priradhodnotu                             23C2       8       8       4   MyCode      
     H1                                        23CA       8       8       0   MyCode      
     H2                                        23D2       8       8       0   MyCode      
     H3                                        23DA       8       8       0   MyCode      
     H4                                        23E2       8       8       0   MyCode      
     H5                                        23EA       8       8       0   MyCode      
     H6                                        23F2       8       8       0   MyCode      
     H7                                        23FA       8       8       0   MyCode      
     H8                                        2402       8       8       0   MyCode      
     H9                                        240A       8       8       0   MyCode      
     H10                                       2412       8       8       0   MyCode      
     H11                                       241A       8       8       0   MyCode      
     H12                                       2422       8       8       0   MyCode      
     H13                                       242A       8       8       0   MyCode      
     H14                                       2432       8       8       0   MyCode      
     H15                                       243A       8       8       0   MyCode      
     WX                                        2442       A      10       0   MyCode      
     IDWAIT1                                   244C       E      14       0   MyCode      
     LED_INT                                   245A       F      15       1   MyCode      
     n1                                        2469       E      14       0   MyCode      
     n2                                        2477      11      17       0   MyCode      
     asm_main                                  2488       5       5       1   MyCode      
     TOF_int                                   248D      10      16       2   MyCode      
     rtmon_SWI                                 249D       8       8       3   MyCode      
     VAR00001                                  FFD2       2       2       0   .text       
     VAR00001                                  FFE2       2       2       0   .text       
     VAR00001                                  FFEE       2       2       0   .text       

*********************************************************************************************
UNUSED-OBJECTS SECTION
---------------------------------------------------------------------------------------------
NOT USED PROCEDURES
gpio.c.o:
  gpio_led_on gpio_led_toggle gpio_button_init gpio_button_test 
  gpio_button_test_w 
RTSHC08.C.o (ansifs.lib):
  _PUSH_ARGS_D _ENTER_UNARY_L64 _ENTER_UNARY_L64_4 _ENTER_BINARY_L 
  _ENTER_BINARY_L_LC _ENTER_BINARY_L64 _ENTER_BINARY_L64_LC 
  _ENTER_BINARY_L64_RC _IDIVMOD _SPLITSIGN _LADD_k_is_k_plus_j _k_is_k_plus_j_l 
  _k_is_k_plus_j_i _LSUB_k_is_k_minus_j _LAND_k_is_k_and_j _LOR_k_is_k_or_j 
  _LXOR_k_is_k_xor_j _LMUL_k_is_k_mul_j _NEG_L_HX _ABS_L_HX _SPLITSIGN_L 
  _LMODS_k_is_k_mod_j _LDIVS_k_is_k_div_j _LCMP_k_rel_j _CMP24_k_rel_j _BMULS 
  _BDIVS _BMODS _IDIVS_STAR08 _IDIVU_STAR08 _IMODS_STAR08 _IMODU_STAR08 
  _IDIVU_8 _IMODU_8 _IASR _ILSR _ILSL _LDEC _LNEG _LNOT _LADD _LADD_RC _LSUB 
  _LSUB_LC _LSUB_RC _LAND _LAND_RC _LOR _LOR_RC _LXOR _LXOR_RC _LMUL _LMUL_RC 
  _LDIVS _LDIVS_LC _LDIVS_RC _LDIVU _LDIVU_LC _LMODS _LMODS_LC _LMODS_RC _LMODU 
  _LMODU_LC _LASR _LLSR _LLSL _LCMP _LCMP_RC _PUSH_ARGS_24 _ENTER_BINARY_24_RC 
  _ENTER_BINARY_24 _CMP24 _CMP24_RC _COPY _COPY_L _POP64 _STORE32 _STORE64 
  _SEXT8_32 _SEXT16_32 _CALL_STAR08 _CALL_STAR08_FAR _Jump_Table_Addr 
  _Jump_Table_Offset _Jump_Table_Header_Addr _Jump_Table_Header_Offset 
  _Search_Table_16_Addr _Search_Table_16_Offset _Search_Table_8_Addr 
  _Search_Table_8_Offset _PUSH_CC _POP_CC _CONV_FAR_TO_NEAR _CONV_FAR_TO_LINEAR 
  _CONV_LINEAR_TO_FAR F_CLRK F_CLRK_Unary F_NANK F_INFK F_INFK_Unary F_TLK 
  F_XGKL _UNPACK_k_to_K _UNPACK_k_to_K_Unary _UNPACK_j_to_L _PACK_K_to_k 
  _PACK_K_to_k_Unary F_NORMK _FADD_K_is_K_plus_L _FMUL_K_is_K_times_L 
  _FDIV_K_is_L_div_K _F_LONGK _F_FLOATK _FCMP_k_rel_j _FADD_Common _FSUB_Common 
  _FMUL_Common _FDIV_Common _FADD _FADD_RC _FSUB _FSUB_RC _FSUB_LC _FMUL 
  _FMUL_RC _FDIV _FDIV_RC _FDIV_LC _FSTRUNC _FUTRUNC _FNEG _FABS _FCMP _FCMP_RC 
  _FINC _FDEC _FSFLOAT _FUFLOAT D_TLK D_TLRes D_TKRes D_XGKL D_CLRK 
  D_CLRK_Unary D_NANK D_NANK_Unary D_INFK D_INFK_Unary _DUNPACK_k_to_K 
  _DUNPACK_k_to_K_Unary _DUNPACK_j_to_L _DPACK_K_to_k _DPACK_K_to_k_Unary 
  D_NORMK_Unary D_NORMK _DADD_K_is_K_plus_L _DMUL_K_is_K_times_L 
  _DDIV_K_is_L_div_K _DCMP_k_rel_j _D_FLOATK _D_LONGK _D_FTODK _D_DTOFK 
  _DADD_Common _DSUB_Common _DMUL_Common _DDIV_Common _DADD _DADD_RC _DSUB 
  _DSUB_RC _DSUB_LC _DMUL _DMUL_RC _DDIV _DDIV_LC _DDIV_RC _DCMP _DCMP_RC _DINC 
  _DDEC _DNEG _DABS _DSFLOAT _DUFLOAT _DSTRUNC _DUTRUNC _DSHORT _DLONG 
C:\Documents and Settings\dolinay\Dokumenty\Mikropocitace\Freescale\rtmon_hc08\rtmon_lib\rtmon_lib_Data\Standard\ObjectCode\rtmon_08c.c.o (rtmon_5ms.lib):
  rtmon_pull rtm_end rtm_continue_p rtm_ch_period_p rtm_abort_p rtm_create_q 
  rtm_write_q rtm_write_q_w rtm_read_q rtm_read_q_w 
NOT USED VARIABLES
main.c.o:
  mezicas stop 
RTSHC08.C.o (ansifs.lib):
  _PowOfTwo_8 _PowOfTwo_16 _PowOfTwo_32 plus1 minus1 plus1d minus1d errno 
C:\Documents and Settings\dolinay\Dokumenty\Mikropocitace\Freescale\rtmon_hc08\rtmon_lib\rtmon_lib_Data\Standard\ObjectCode\rtmon_08c.c.o (rtmon_5ms.lib):
  rtmon_qpool 

*********************************************************************************************
COPYDOWN SECTION
---------------------------------------------------------------------------------------------
------- ROM-ADDRESS: 0x24A5 ---- SIZE       2 ---
Filling bytes inserted
 0000

*********************************************************************************************
OBJECT-DEPENDENCIES SECTION
---------------------------------------------------------------------------------------------
Init                      USES _startupData loadByte 
_Startup                  USES __SEG_END_SSTACK Init main 
gpio_led_init             USES _PTFPE _PTFDD 
gpio_led_off              USES _PTFD 
main                      USES _ATD1C _ATD1PE _PTADD _PTAPE INITDISP INITKEYB 
                                KeyPressed tlac gpio_led_init gpio_led_off asm_main init 
                                rtm_init STRING.proc1.1 sci pSCI rtm_create_p 
                                STRING.proc2.2 stopky pStopky STRING.proc3.3 counter pCounter 
                                STRING.proc4.4 keyboard pKeyboard STRING.proc5.5 cas pCas 
                                rtm_start_p rtm_delay_p _SRS 
cas                       USES time _LINC _POP32 pCas rtm_stop_p 
stopky                    USES time _LDIVU_RC _IMUL_STAR08 _LMODU_RC RED10 
                                GREEN10 
keyboard                  USES KeyPressed tlac time pStopky rtm_start_p 
                                pKeyboard rtm_delay_p 
_ENTER_BINARY_L_RC        USES _PUSH_ARGS_L 
_LMODU_k_is_k_mod_j       USES _LDIVMOD 
_LDIVU_k_is_k_div_j       USES _LDIVMOD 
_LINC                     USES _ENTER_UNARY_L 
_LDIVU_RC                 USES _ENTER_BINARY_L_RC _LDIVU_k_is_k_div_j 
_LMODU_RC                 USES _ENTER_BINARY_L_RC _LMODU_k_is_k_mod_j 
rtmon_kernel              USES rtmon_status _TPM1SC rtmon_curproc rtmon_tobesp 
                                rtmon_initprocstack rtmon_scheduler g_TickCount 
                                rtmon_refreshqwaiting rtmon_pq_findhiestpriority rtmon_toberun 
rtmon_scheduler           USES rtmon_data rtmon_lastprocess 
rtmon_refreshqwaiting     USES rtmon_refreshqwaiting rtmon_data rtmon_queues 
                                rtmon_lastq rtmon_lastprocess 
rtmon_dummy               USES _SRS 
rtmon_pq_findhiestpriority USES rtmon_data rtmon_lastprocess 
rtmon_initprocstack       USES rtmon_push 
rtm_init                  USES rtmon_curproc rtmon_toberun _SRS rtmon_data 
                                rtmon_lastprocess rtmon_lastq rtmon_stackpool 
                                rtmon_initprocstack rtmon_status STRING.dummy.1 rtmon_dummy 
                                rtm_create_p 
rtm_create_p              USES rtmon_status rtm_create_p _SRS _TPM1SC 
                                rtmon_lastprocess rtmon_data rtmon_push rtmon_stackpool _ICMP 
                                rtmon_initprocstack 
rtm_start_p               USES _SRS _TPM1SC rtmon_status rtmon_SWI 
rtm_delay_p               USES _TPM1SC rtmon_data _TPM1MOD rtmon_status 
                                rtmon_SWI 
rtm_stop_p                USES _TPM1SC rtmon_curproc rtmon_status rtmon_SWI 
INITKEYB                  USES KeyPressed 
test_klaves               USES ikwait KeyPressed 
test_klaves2              USES KeyPressed 
test_klaves3              USES KeyPressed 
test_klaves4              USES KeyPressed 
test_klaves5              USES ikwait 
test_klaves6              USES ikwait KeyPressed 
test_klaves7              USES ikwait KeyPressed 
test_klaves8              USES ikwait KeyPressed 
test_klaves_ER            USES KeyPressed 
INITDISP                  USES activdisp adrdisp REDDISP GREENDISP 
CLRRED                    USES REDDISP 
CLRGREEN                  USES GREENDISP 
RED10                     USES REDDISP 
Red10A                    USES RED16a 
GREEN10                   USES GREENDISP 
Green10A                  USES GREEN16a 
RED16a                    USES REDDISP Load16 
GREEN16a                  USES GREENDISP 
Load16                    USES pom TretiFalse 
TretiFalse                USES Priradhodnotu DruhaFalse 
DruhaFalse                USES Priradhodnotu PrvniFalse 
PrvniFalse                USES Priradhodnotu NultaFalse 
NultaFalse                USES Priradhodnotu 
LED_INT                   USES activdisp adrdisp 
n1                        USES GREENDISP activdisp 
n2                        USES adrdisp activdisp 
asm_main                  USES temp_byte 
TOF_int                   USES rtmon_tobesp rtmon_kernel 
rtmon_SWI                 USES TOF_int 

*********************************************************************************************
DEPENDENCY TREE
*********************************************************************************************
 main and _Startup Group
 | 
 +- main                
 |  | 
 |  +- INITDISP            
 |  |    
 |  +- INITKEYB            
 |  |    
 |  +- gpio_led_init       
 |  |    
 |  +- gpio_led_off        
 |  |    
 |  +- asm_main            
 |  |    
 |  +- rtm_init            
 |  |  | 
 |  |  +- rtmon_initprocstack 
 |  |  |  | 
 |  |  |  +- rtmon_push          
 |  |  |       
 |  |  +- rtmon_dummy         
 |  |  |    
 |  |  +- rtm_create_p        
 |  |     | 
 |  |     +- rtmon_push           (see above)
 |  |     |  
 |  |     +- _ICMP               
 |  |     |    
 |  |     +- rtmon_initprocstack  (see above)
 |  |        
 |  +- sci                 
 |  |    
 |  +- rtm_create_p         (see above)
 |  |  
 |  +- stopky              
 |  |  | 
 |  |  +- _LDIVU_RC           
 |  |  |  | 
 |  |  |  +- _ENTER_BINARY_L_RC  
 |  |  |  |  | 
 |  |  |  |  +- _PUSH_ARGS_L        
 |  |  |  |       
 |  |  |  +- _LDIVU_k_is_k_div_j 
 |  |  |     | 
 |  |  |     +- _LDIVMOD            
 |  |  |          
 |  |  +- _IMUL_STAR08        
 |  |  |    
 |  |  +- _LMODU_RC           
 |  |  |  | 
 |  |  |  +- _ENTER_BINARY_L_RC   (see above)
 |  |  |  |  
 |  |  |  +- _LMODU_k_is_k_mod_j 
 |  |  |     | 
 |  |  |     +- _LDIVMOD             (see above)
 |  |  |        
 |  |  +- RED10               
 |  |  |    
 |  |  +- GREEN10             
 |  |       
 |  +- counter             
 |  |    
 |  +- keyboard            
 |  |  | 
 |  |  +- rtm_start_p         
 |  |  |  | 
 |  |  |  +- rtmon_SWI           
 |  |  |     | 
 |  |  |     +- TOF_int             
 |  |  |        | 
 |  |  |        +- rtmon_kernel        
 |  |  |           | 
 |  |  |           +- rtmon_initprocstack  (see above)
 |  |  |           |  
 |  |  |           +- rtmon_scheduler     
 |  |  |           |    
 |  |  |           +- rtmon_refreshqwaiting
 |  |  |           |    
 |  |  |           +- rtmon_pq_findhiestpriority
 |  |  |                
 |  |  +- rtm_delay_p         
 |  |     | 
 |  |     +- rtmon_SWI            (see above)
 |  |        
 |  +- cas                 
 |  |  | 
 |  |  +- _LINC               
 |  |  |  | 
 |  |  |  +- _ENTER_UNARY_L      
 |  |  |       
 |  |  +- _POP32              
 |  |  |    
 |  |  +- rtm_stop_p          
 |  |     | 
 |  |     +- rtmon_SWI            (see above)
 |  |        
 |  +- rtm_start_p          (see above)
 |  |  
 |  +- rtm_delay_p          (see above)
 |     
 +- _Startup            
    | 
    +- Init                
    |  | 
    |  +- loadByte            
    |       
    +- main                 (see above)
       
 _ORG00001           
 | 
 +- test_klaves         
    | 
    +- ikwait              
         
 _ORG00001           
 | 
 +- LED_INT             
      
 _ORG00001           
 | 
 +- TOF_int              (see above)
    
*********************************************************************************************
STATISTIC SECTION
---------------------------------------------------------------------------------------------

ExeFile:
--------
Number of blocks to be downloaded: 7
Total size of all blocks to be downloaded: 3203

